  console.log
    [dotenv@17.3.1] injecting env (3) from .env.local -- tip: ΓÜÖ∩╕Å  specify custom .env file path with { path: '/custom/path/.env' }

      at _log (node_modules/dotenv/lib/main.js:139:11)

  console.log
    [dotenv@17.3.1] injecting env (3) from .env.local -- tip: ΓÜÖ∩╕Å  suppress all logs with { quiet: true }

      at _log (node_modules/dotenv/lib/main.js:139:11)

  console.log
    [dotenv@17.3.1] injecting env (3) from .env.local -- tip: ΓÜÖ∩╕Å  suppress all logs with { quiet: true }

      at _log (node_modules/dotenv/lib/main.js:139:11)

  console.log
    [dotenv@17.3.1] injecting env (3) from .env.local -- tip: ΓÜÖ∩╕Å  override existing env vars with { override: true }

      at _log (node_modules/dotenv/lib/main.js:139:11)

  console.error
    [getProducts] Supabase error: DB failure

    [0m [90m 75 |[39m     console[33m.[39merror [33m=[39m ([33m...[39margs[33m:[39m unknown[]) [33m=>[39m {
     [90m 76 |[39m         [36mif[39m ([36mtypeof[39m args[[35m0[39m] [33m===[39m [32m'string'[39m [33m&&[39m [33mNOISE_PATTERNS[39m[33m.[39msome(p [33m=>[39m p[33m.[39mtest(args[[35m0[39m] [36mas[39m string))) [36mreturn[39m[33m;[39m
    [31m[1m>[22m[39m[90m 77 |[39m         originalError([33m...[39margs)[33m;[39m
     [90m    |[39m         [31m[1m^[22m[39m
     [90m 78 |[39m     }[33m;[39m
     [90m 79 |[39m     console[33m.[39mwarn [33m=[39m ([33m...[39margs[33m:[39m unknown[]) [33m=>[39m {
     [90m 80 |[39m         [36mif[39m ([36mtypeof[39m args[[35m0[39m] [33m===[39m [32m'string'[39m [33m&&[39m [33mNOISE_PATTERNS[39m[33m.[39msome(p [33m=>[39m p[33m.[39mtest(args[[35m0[39m] [36mas[39m string))) [36mreturn[39m[33m;[39m[0m

      at console.originalError [as error] (jest.setup.ts:77:9)
      at error (lib/getProducts.ts:124:17)
      at Object.<anonymous> (tests/get-products.test.ts:86:26)

  console.error
    [getProductsByCategory] Supabase error: Not found

    [0m [90m 75 |[39m     console[33m.[39merror [33m=[39m ([33m...[39margs[33m:[39m unknown[]) [33m=>[39m {
     [90m 76 |[39m         [36mif[39m ([36mtypeof[39m args[[35m0[39m] [33m===[39m [32m'string'[39m [33m&&[39m [33mNOISE_PATTERNS[39m[33m.[39msome(p [33m=>[39m p[33m.[39mtest(args[[35m0[39m] [36mas[39m string))) [36mreturn[39m[33m;[39m
    [31m[1m>[22m[39m[90m 77 |[39m         originalError([33m...[39margs)[33m;[39m
     [90m    |[39m         [31m[1m^[22m[39m
     [90m 78 |[39m     }[33m;[39m
     [90m 79 |[39m     console[33m.[39mwarn [33m=[39m ([33m...[39margs[33m:[39m unknown[]) [33m=>[39m {
     [90m 80 |[39m         [36mif[39m ([36mtypeof[39m args[[35m0[39m] [33m===[39m [32m'string'[39m [33m&&[39m [33mNOISE_PATTERNS[39m[33m.[39msome(p [33m=>[39m p[33m.[39mtest(args[[35m0[39m] [36mas[39m string))) [36mreturn[39m[33m;[39m[0m

      at console.originalError [as error] (jest.setup.ts:77:9)
      at error (lib/getProducts.ts:143:17)
      at Object.<anonymous> (tests/get-products.test.ts:128:26)

  console.error
    [getProductBySlug] Supabase error: Not found

    [0m [90m 75 |[39m     console[33m.[39merror [33m=[39m ([33m...[39margs[33m:[39m unknown[]) [33m=>[39m {
     [90m 76 |[39m         [36mif[39m ([36mtypeof[39m args[[35m0[39m] [33m===[39m [32m'string'[39m [33m&&[39m [33mNOISE_PATTERNS[39m[33m.[39msome(p [33m=>[39m p[33m.[39mtest(args[[35m0[39m] [36mas[39m string))) [36mreturn[39m[33m;[39m
    [31m[1m>[22m[39m[90m 77 |[39m         originalError([33m...[39margs)[33m;[39m
     [90m    |[39m         [31m[1m^[22m[39m
     [90m 78 |[39m     }[33m;[39m
     [90m 79 |[39m     console[33m.[39mwarn [33m=[39m ([33m...[39margs[33m:[39m unknown[]) [33m=>[39m {
     [90m 80 |[39m         [36mif[39m ([36mtypeof[39m args[[35m0[39m] [33m===[39m [32m'string'[39m [33m&&[39m [33mNOISE_PATTERNS[39m[33m.[39msome(p [33m=>[39m p[33m.[39mtest(args[[35m0[39m] [36mas[39m string))) [36mreturn[39m[33m;[39m[0m

      at console.originalError [as error] (jest.setup.ts:77:9)
      at error (lib/getProducts.ts:162:17)
      at Object.<anonymous> (tests/get-products.test.ts:162:25)

node.exe : PASS tests/get-products.test.ts
At line:1 char:1
+ & "C:\Program Files\nodejs/node.exe" "C:\Program Files\nodejs/node_mo ...
+ ~~~~~~~~~~~~~~~~~~~~~~~~~~~~~~~~~~~~~~~~~~~~~~~~~~~~~~~~~~~~~~~~~~~~~
    + CategoryInfo          : NotSpecified: (PASS tests/get-products.test.ts 
   :String) [], RemoteException
    + FullyQualifiedErrorId : NativeCommandError
 
  getProducts()
    ΓêÜ returns mapped products on success (5 ms)
    ΓêÜ returns empty array on Supabase error (7 ms)
    ΓêÜ returns empty array when data is null (1 ms)
    ΓêÜ ensures images field is always an array
  getProductsByCategory()
    ΓêÜ filters products by category_id (1 ms)
    ΓêÜ returns empty array on DB error (2 ms)
    ΓêÜ preserves images array from DB row (1 ms)
  getProductBySlug()
    ΓêÜ returns product data when slug matches
    ΓêÜ returns null when slug not found (2 ms)

PASS tests/safe-image.test.tsx
  SafeImage ΓÇô Unit Tests
    ΓêÜ renders with provided src and alt (19 ms)
    ΓêÜ uses default fallback when src is null (2 ms)
    ΓêÜ uses default fallback when src is undefined (1 ms)
    ΓêÜ falls back to fallbackSrc on image load error (4 ms)
    ΓêÜ uses custom fallbackSrc over the default when provided (7 ms)
    ΓêÜ does not switch to fallback if src is valid (no error fired) (1 ms)
    ΓêÜ only falls back once on repeated error events (2 ms)

PASS tests/3d-model.test.tsx
  ThreeDViewer ΓÇô Google model-viewer component
    ΓêÜ renders fallback skeleton before client hydration (27 ms)
    ΓêÜ renders model-viewer element after client mount (6 ms)
    ΓêÜ fallback image renders with correct alt text inside model-viewer 
poster (4 ms)
    ΓêÜ 3D model loads ΓÇô canonical integration test (3 ms)
  ThreeViewer ΓÇô React Three Fiber component
    ΓêÜ renders fallback when no modelUrl is provided (5 ms)
    ΓêÜ renders R3F Canvas container when modelUrl is provided (3 ms)
    ΓêÜ does not crash when modelUrl is a valid glb path (3 ms)
    ΓêÜ AR fallback: shows custom fallback node when modelUrl is empty 
string (8 ms)

  console.warn
    [images.test] 10 product(s) have no images: oando-soft-seating/Luna, oando-seating/Fluid X, oando-seating/Fluid Task, oando-educational/Accent Study Chair, oando-seating/Classy Executive, oando-workstations/Cabin 60├ù30, oando-workstations/Cabin L-Shape, oando-tables/Conference Table 8-Seater, oando-storage/Mobile Pedestal 3-Drawer, oando-soft-seating/Cocoon Lounge Chair

    [0m [90m 79 |[39m     console[33m.[39mwarn [33m=[39m ([33m...[39margs[33m:[39m unknown[]) [33m=>[39m {
     [90m 80 |[39m         [36mif[39m ([36mtypeof[39m args[[35m0[39m] [33m===[39m [32m'string'[39m [33m&&[39m [33mNOISE_PATTERNS[39m[33m.[39msome(p [33m=>[39m p[33m.[39mtest(args[[35m0[39m] [36mas[39m string))) [36mreturn[39m[33m;[39m
    [31m[1m>[22m[39m[90m 81 |[39m         originalWarn([33m...[39margs)[33m;[39m
     [90m    |[39m         [31m[1m^[22m[39m
     [90m 82 |[39m     }[33m;[39m
     [90m 83 |[39m })[33m;[39m
     [90m 84 |[39m[0m

      at console.originalWarn [as warn] (jest.setup.ts:81:9)
      at Object.warn (tests/images.test.ts:77:21)

PASS tests/images.test.ts
  Image Mismatches ΓÇô Supabase Integration
    ΓêÜ No chair image in tables category products (471 ms)
    ΓêÜ No chair or table image in storage category products (381 ms)
    ΓêÜ No table image in seating category products (398 ms)
    ΓêÜ All products have at least one image (408 ms)
    ΓêÜ No broken Supabase Storage URL patterns in any product (397 ms)

Test Suites: 4 passed, 4 total
Tests:       29 passed, 29 total
Snapshots:   0 total
Time:        3.574 s
Ran all test suites.
Force exiting Jest: Have you considered using `--detectOpenHandles` to 
detect async operations that kept running after all tests finished?
